
nenwa@LAPTOP-O8SFB5P3 MINGW64 ~ (master)
$ git config --global pull.default current

nenwa@LAPTOP-O8SFB5P3 MINGW64 ~ (master)
$ git config --global push.default current

nenwa@LAPTOP-O8SFB5P3 MINGW64 ~ (master)
$ cd ~/testrepo

nenwa@LAPTOP-O8SFB5P3 MINGW64 ~/testrepo (master)
$ ls 

nenwa@LAPTOP-O8SFB5P3 MINGW64 ~/testrepo (master)
$ dir

nenwa@LAPTOP-O8SFB5P3 MINGW64 ~/testrepo (master)
$ git clone https://github.com/Nenwa/projectLarm.git
Cloning into 'projectLarm'...
warning: You appear to have cloned an empty repository.

nenwa@LAPTOP-O8SFB5P3 MINGW64 ~/testrepo (master)
$ git remote add origin https://github.com/Nenwa/projectLarm.git

nenwa@LAPTOP-O8SFB5P3 MINGW64 ~/testrepo (master)
$ dir
projectLarm

nenwa@LAPTOP-O8SFB5P3 MINGW64 ~/testrepo (master)
$ ls
projectLarm/

nenwa@LAPTOP-O8SFB5P3 MINGW64 ~/testrepo (master)
$ cd ..

nenwa@LAPTOP-O8SFB5P3 MINGW64 ~ (master)
$ ls
'3D Objects'/
 AppData/
'Application Data'@
 Contacts/
 Cookies@
 Desktop/
 Documents/
 Downloads/
 Favorites/
 Haskell/
 IntelGraphicsProfiles/
'Lab1-1 (1).hs'
 Links/
'Local Settings'@
 Music/
'My Documents'@
 NTUSER.DAT
 NTUSER.DAT{e0110321-c362-11ec-b271-8e2c76fc05b0}.TM.blf
 NTUSER.DAT{e0110321-c362-11ec-b271-8e2c76fc05b0}.TMContainer00000000000000000001.regtrans-ms
 NTUSER.DAT{e0110321-c362-11ec-b271-8e2c76fc05b0}.TMContainer00000000000000000002.regtrans-ms
 NetHood@
'New folder'/
 OneDrive/
 Pictures/
 PrintHood@
 Recent@
'Saved Games'/
 Searches/
 SendTo@
'Start Menu'@
 Templates@
 Videos/
 dat044/
 devel/
 nslookup
 ntuser.dat.LOG1
 ntuser.dat.LOG2
 ntuser.ini
 testrepo/

nenwa@LAPTOP-O8SFB5P3 MINGW64 ~ (master)
$ cd te
Templates/ testrepo/

nenwa@LAPTOP-O8SFB5P3 MINGW64 ~ (master)
$ cd testrepo/

nenwa@LAPTOP-O8SFB5P3 MINGW64 ~/testrepo (master)
$ ls
projectLarm/

nenwa@LAPTOP-O8SFB5P3 MINGW64 ~/testrepo (master)
$ dir
projectLarm

nenwa@LAPTOP-O8SFB5P3 MINGW64 ~/testrepo (master)
$ git status
warning: could not open directory 'AppData/Local/Application Data/': Permission denied
...
warning: could not open directory 'Templates/': Permission denied
On branch master
Changes not staged for commit:
  (use "git add <file>..." to update what will be committed)
  (...
  (use "git add <file>..." to include in what will be committed)
....
        ./

no changes added to commit (use "git add" and/or "git commit -a")

nenwa@LAPTOP-O8SFB5P3 MINGW64 ~/testrepo (master)
$ git add "greetings.txt"

nenwa@LAPTOP-O8SFB5P3 MINGW64 ~/testrepo (master)
$ git commit -m "Unbelievable"
warning: could not open directory 'AppData/Local/Application Data/': Permission denied
....
warning: could not open directory 'Templates/': Permission denied
On branch master
Changes not staged for commit:
  (use "git add <file>..." to update what will be committed)
  (use "git restore <file>..." to discard changes in working directory)
        modified:   ../Desktop/testrepo/greeting.txt

Untracked files:
  (use "git add <file>..." to include in what will be committed)
        ../.bash_history
        ...
        ../ntuser.ini
        projectLarm/

no changes added to commit (use "git add" and/or "git commit -a")

nenwa@LAPTOP-O8SFB5P3 MINGW64 ~/testrepo (master)
$ git remote add origin https://github.com/Nenwa/TestProjekt.git
error: remote origin already exists.

nenwa@LAPTOP-O8SFB5P3 MINGW64 ~/testrepo (master)
$ git branch -M main

nenwa@LAPTOP-O8SFB5P3 MINGW64 ~/testrepo (main)
$ git remote add origin https://github.com/Nenwa/TestProjekt.git
error: remote origin already exists.

nenwa@LAPTOP-O8SFB5P3 MINGW64 ~/testrepo (main)
$ git add greetings.txt

nenwa@LAPTOP-O8SFB5P3 MINGW64 ~/testrepo (main)
$ git commit -M "hsdfhah"
error: unknown switch `M'
usage: git commit [<options>] [--] <pathspec>...

    -q, --quiet           suppress summary after successful commit
    -v, --verbose         show diff in commit message template

Commit message options
    -F, --file <file>     read message from file
    --author <author>     override author for commit
    --date <date>         override date for commit
    -m, --message <message>
                          commit message
    -c, --reedit-message <commit>
                          reuse and edit message from specified commit
    -C, --reuse-message <commit>
                          reuse message from specified commit
    --fixup [(amend|reword):]commit
                          use autosquash formatted message to fixup or amend/reword specified commit
    --squash <commit>     use autosquash formatted message to squash specified commit
    --reset-author        the commit is authored by me now (used with -C/-c/--amend)
    --trailer <trailer>   add custom trailer(s)
    -s, --signoff         add a Signed-off-by trailer
    -t, --template <file>
                          use specified template file
    -e, --edit            force edit of commit
    --cleanup <mode>      how to strip spaces and #comments from message
    --status              include status in commit message template
    -S, --gpg-sign[=<key-id>]
                          GPG sign commit

Commit contents options
    -a, --all             commit all changed files
    -i, --include         add specified files to index for commit
    --interactive         interactively add files
    -p, --patch           interactively add changes
    -o, --only            commit only specified files
    -n, --no-verify       bypass pre-commit and commit-msg hooks
    --dry-run             show what would be committed
    --short               show status concisely
    --branch              show branch information
    --ahead-behind        compute full ahead/behind values
    --porcelain           machine-readable output
    --long                show status in long format (default)
    -z, --null            terminate entries with NUL
    --amend               amend previous commit
    --no-post-rewrite     bypass post-rewrite hook
    -u, --untracked-files[=<mode>]
                          show untracked files, optional modes: all, normal, no. (Default: all)
    --pathspec-from-file <file>
                          read pathspec from file
    --pathspec-file-nul   with --pathspec-from-file, pathspec elements are separated with NUL character


nenwa@LAPTOP-O8SFB5P3 MINGW64 ~/testrepo (main)
$ git commit -m "hsdfhah"
warning: could not open directory 'AppData/Local/Application Data/': Permission denied
...
warning: could not open directory 'Templates/': Permission denied
On branch main
Changes not staged for commit:
  (use "git add <file>..." to update what will be committed)
  (use "git restore <file>..." to discard changes in working directory)
        modified:   ../Desktop/testrepo/greeting.txt

Untracked files:
  (use "git add <file>..." to include in what will be committed)
        ../.bash_history
        ...
        ../ntuser.ini
        projectLarm/

no changes added to commit (use "git add" and/or "git commit -a")

nenwa@LAPTOP-O8SFB5P3 MINGW64 ~/testrepo (main)
$ git add greeting.txt
fatal: pathspec 'greeting.txt' did not match any files

nenwa@LAPTOP-O8SFB5P3 MINGW64 ~/testrepo (main)
$ ls
greetings.txt  projectLarm/

nenwa@LAPTOP-O8SFB5P3 MINGW64 ~/testrepo (main)
$ git add greetings.txt

nenwa@LAPTOP-O8SFB5P3 MINGW64 ~/testrepo (main)
$ git commit -m "test"
warning: could not open directory 'AppData/Local/Application Data/': Permission denied
warning: could not open directory 'Application Data/': Permission denied
warning: could not open directory 'Cookies/': Permission denied
warning: could not open directory 'Local Settings/': Permission denied
warning: could not open directory 'My Documents/': Permission denied
warning: could not open directory 'NetHood/': Permission denied
warning: could not open directory 'PrintHood/': Permission denied
warning: could not open directory 'Recent/': Permission denied
warning: could not open directory 'SendTo/': Permission denied
warning: could not open directory 'Start Menu/': Permission denied
warning: could not open directory 'Templates/': Permission denied
On branch main
Changes not staged for commit:
  (use "git add <file>..." to update what will be committed)
  (use "git restore <file>..." to discard changes in working directory)
        modified:   ../Desktop/testrepo/greeting.txt

Untracked files:
  (use "git add <file>..." to include in what will be committed)
        ../.bash_history
        .....
        ../ntuser.ini
        projectLarm/

no changes added to commit (use "git add" and/or "git commit -a")

nenwa@LAPTOP-O8SFB5P3 MINGW64 ~/testrepo (main)
$ git push -u origin main

Enumerating objects: 9, done.
Counting objects: 100% (9/9), done.
Delta compression using up to 2 threads
Compressing objects: 100% (3/3), done.
Writing objects: 100% (9/9), 642 bytes | 160.00 KiB/s, done.
Total 9 (delta 0), reused 0 (delta 0), pack-reused 0
To https://github.com/Nenwa/projectLarm.git
 * [new branch]      main -> main
branch 'main' set up to track 'origin/main'.

nenwa@LAPTOP-O8SFB5P3 MINGW64 ~/testrepo (main)
$

nenwa@LAPTOP-O8SFB5P3 MINGW64 ~/testrepo (main)
$ git add greetings.txt

nenwa@LAPTOP-O8SFB5P3 MINGW64 ~/testrepo (main)
$ git commit -m "hej u"
[main b073f9f] hej u
 1 file changed, 1 insertion(+), 1 deletion(-)

nenwa@LAPTOP-O8SFB5P3 MINGW64 ~/testrepo (main)
$ git push
Enumerating objects: 7, done.
Counting objects: 100% (7/7), done.
Delta compression using up to 2 threads
Compressing objects: 100% (2/2), done.
Writing objects: 100% (4/4), 336 bytes | 168.00 KiB/s, done.
Total 4 (delta 0), reused 0 (delta 0), pack-reused 0
To https://github.com/Nenwa/projectLarm.git
   283b38a..b073f9f  main -> main
-------------------------------------------------------------
-------------------------------------------------------------
-------------------------------------------------------------
-------------------------------------------------------------
-------------------------------------------------------------
-------------------------------------------------------------
-------------------------------------------------------------
-------------------------------------------------------------
-------------------------------------------------------------
-------------------------------------------------------------
-------------------------------------------------------------
so simply the orders were:
$ git config --global pull.default current
$ git config --global push.default current
$ cd ~/testrepo
$ ls 
$ dir
$ git clone https://github.com/Nenwa/projectLarm.git
$ git remote add origin https://github.com/Nenwa/projectLarm.git
$ dir
$ ls
$ cd ..
$ ls
$ cd te
$ cd testrepo/
$ ls
$ dir
$ git status
$ git add "greetings.txt"
$ git commit -m "Unbelievable"
$git remote add origin https://github.com/Nenwa/TestProjekt.git
$ git branch -M main
$ git remote add origin https://github.com/Nenwa/TestProjekt.git
$ git add greetings.txt
$ git commit -M "hsdfhah"
$ git add greetings.txt
$ git commit -m "test"
$ git push -u origin main
$ git add greetings.txt
$ git commit -m "hej u"
$ git push
